(node:31895) [MONGOOSE] Warning: Duplicate schema index on {"createdBy":1} found. This is often due to declaring an index using both "index: true" and "schema.index()". Please remove the duplicate index definition.
(Use `node --trace-warnings ...` to show where the warning was created)
Connected to MongoDB: ac-xl3cucd-shard-00-02.f05pmsr.mongodb.net
[Socket] Socket.IO initialized
[NotificationWorker] Starting background worker (node-cron)...
Cleanup worker initialized.
[ReminderCron] Worker started
node:events:486
      throw er; // Unhandled 'error' event
      ^

Error: listen EADDRINUSE: address already in use :::3001
    at Server.setupListenHandle [as _listen2] (node:net:1940:16)
    at listenInCluster (node:net:1997:12)
    at Server.listen (node:net:2102:7)
    at startServer (/Users/caderaedu/Desktop/test/TMS/backend/src/server.js:104:10)
    at process.processTicksAndRejections (node:internal/process/task_queues:103:5)
Emitted 'error' event on Server instance at:
    at emitErrorNT (node:net:1976:8)
    at process.processTicksAndRejections (node:internal/process/task_queues:89:21) {
  code: 'EADDRINUSE',
  errno: -48,
  syscall: 'listen',
  address: '::',
  port: 3001
}

Node.js v24.12.0
